../Drivers/STM32F7xx_HAL_Driver/Src/stm32f7xx_hal_can.c:169:19:HAL_CAN_Init	24	static
../Drivers/STM32F7xx_HAL_Driver/Src/stm32f7xx_hal_can.c:352:19:HAL_CAN_ConfigFilter	24	static
../Drivers/STM32F7xx_HAL_Driver/Src/stm32f7xx_hal_can.c:475:19:HAL_CAN_DeInit	16	static
../Drivers/STM32F7xx_HAL_Driver/Src/stm32f7xx_hal_can.c:508:13:HAL_CAN_MspInit	16	static
../Drivers/STM32F7xx_HAL_Driver/Src/stm32f7xx_hal_can.c:523:13:HAL_CAN_MspDeInit	16	static
../Drivers/STM32F7xx_HAL_Driver/Src/stm32f7xx_hal_can.c:560:19:HAL_CAN_Transmit	24	static
../Drivers/STM32F7xx_HAL_Driver/Src/stm32f7xx_hal_can.c:702:19:HAL_CAN_Transmit_IT	24	static
../Drivers/STM32F7xx_HAL_Driver/Src/stm32f7xx_hal_can.c:818:19:HAL_CAN_Receive	32	static
../Drivers/STM32F7xx_HAL_Driver/Src/stm32f7xx_hal_can.c:1006:19:HAL_CAN_Receive_IT	16	static
../Drivers/STM32F7xx_HAL_Driver/Src/stm32f7xx_hal_can.c:1110:19:HAL_CAN_Sleep	24	static
../Drivers/STM32F7xx_HAL_Driver/Src/stm32f7xx_hal_can.c:1165:19:HAL_CAN_WakeUp	24	static
../Drivers/STM32F7xx_HAL_Driver/Src/stm32f7xx_hal_can.c:1217:6:HAL_CAN_IRQHandler	32	static
../Drivers/STM32F7xx_HAL_Driver/Src/stm32f7xx_hal_can.c:1408:13:HAL_CAN_TxCpltCallback	16	static
../Drivers/STM32F7xx_HAL_Driver/Src/stm32f7xx_hal_can.c:1423:13:HAL_CAN_RxCpltCallback	16	static
../Drivers/STM32F7xx_HAL_Driver/Src/stm32f7xx_hal_can.c:1438:13:HAL_CAN_ErrorCallback	16	static
../Drivers/STM32F7xx_HAL_Driver/Src/stm32f7xx_hal_can.c:1473:22:HAL_CAN_GetState	16	static
../Drivers/STM32F7xx_HAL_Driver/Src/stm32f7xx_hal_can.c:1485:10:HAL_CAN_GetError	16	static
../Drivers/STM32F7xx_HAL_Driver/Src/stm32f7xx_hal_can.c:1499:26:CAN_Transmit_IT	16	static
../Drivers/STM32F7xx_HAL_Driver/Src/stm32f7xx_hal_can.c:1546:26:CAN_Receive_IT	24	static
