../Drivers/STM32F7xx_HAL_Driver/Src/stm32f7xx_hal_flash.c:180:19:HAL_FLASH_Program	32	static
../Drivers/STM32F7xx_HAL_Driver/Src/stm32f7xx_hal_flash.c:249:19:HAL_FLASH_Program_IT	32	static
../Drivers/STM32F7xx_HAL_Driver/Src/stm32f7xx_hal_flash.c:311:6:HAL_FLASH_IRQHandler	16	static
../Drivers/STM32F7xx_HAL_Driver/Src/stm32f7xx_hal_flash.c:446:13:HAL_FLASH_EndOfOperationCallback	16	static
../Drivers/STM32F7xx_HAL_Driver/Src/stm32f7xx_hal_flash.c:464:13:HAL_FLASH_OperationErrorCallback	16	static
../Drivers/STM32F7xx_HAL_Driver/Src/stm32f7xx_hal_flash.c:496:19:HAL_FLASH_Unlock	4	static
../Drivers/STM32F7xx_HAL_Driver/Src/stm32f7xx_hal_flash.c:516:19:HAL_FLASH_Lock	4	static
../Drivers/STM32F7xx_HAL_Driver/Src/stm32f7xx_hal_flash.c:528:19:HAL_FLASH_OB_Unlock	4	static
../Drivers/STM32F7xx_HAL_Driver/Src/stm32f7xx_hal_flash.c:548:19:HAL_FLASH_OB_Lock	4	static
../Drivers/STM32F7xx_HAL_Driver/Src/stm32f7xx_hal_flash.c:560:19:HAL_FLASH_OB_Launch	8	static
../Drivers/STM32F7xx_HAL_Driver/Src/stm32f7xx_hal_flash.c:596:10:HAL_FLASH_GetError	4	static
../Drivers/STM32F7xx_HAL_Driver/Src/stm32f7xx_hal_flash.c:610:19:FLASH_WaitForLastOperation	24	static
../Drivers/STM32F7xx_HAL_Driver/Src/stm32f7xx_hal_flash.c:665:13:FLASH_Program_DoubleWord	24	static,ignoring_inline_asm
../Drivers/STM32F7xx_HAL_Driver/Src/stm32f7xx_hal_flash.c:697:13:FLASH_Program_Word	16	static,ignoring_inline_asm
../Drivers/STM32F7xx_HAL_Driver/Src/stm32f7xx_hal_flash.c:726:13:FLASH_Program_HalfWord	16	static,ignoring_inline_asm
../Drivers/STM32F7xx_HAL_Driver/Src/stm32f7xx_hal_flash.c:756:13:FLASH_Program_Byte	16	static,ignoring_inline_asm
../Drivers/STM32F7xx_HAL_Driver/Src/stm32f7xx_hal_flash.c:777:13:FLASH_SetErrorCode	4	static
